// Jest Snapshot v1, https://goo.gl/fbAQLP

exports[`Avatar 1`] = `[Function]`;
