// Jest Snapshot v1, https://goo.gl/fbAQLP

exports[`Error with retry and close 1`] = `[Function]`;
