// Jest Snapshot v1, https://goo.gl/fbAQLP

exports[`Layout 1`] = `[Function]`;
