// Jest Snapshot v1, https://goo.gl/fbAQLP

exports[`Splash 1`] = `[Function]`;
